a: 2 3 5 7 11 13 17 19
a: 2 37 5 7 11 13 17 19
a: 37 5 7 11 13 17 19
37
a: 37 5 7 11 13 17 19
a: 29 5 7 11 13 17 19
29
a: 29 5 7 11 13 17 19
