dq1:
dq1: 2 3 5 7 11 13 17 19
dq1:
dq2:
dq1:
dq2: 0
dq1:
dq2: 2 3 5 7 11 13 17 19
dq1: 2 3 5 7 11 13 17 19
dq2: 2 3 5 7 11 13 17 19
dq1: 2 3 5 7 11 13 17 19
dq2: 2 3 5 7 11 13 17 19
dq3:
dq1: 2 3 5 7 11 13 17 19
dq2: 2 3 5 7 11 13 17 19
dq3: -2000
dq1: -2000
dq2: 2 3 5 7 11 13 17 19
dq3: -2000
dq1:
dq2: 2 3 5 7 11 13 17 19
dq3: -2000
dq1:
dq2:
dq3: -2000
dq1:
dq2:
dq3: 3000
dq1: 3000
dq2:
dq3: 3000
dq1: 3000 1
dq2:
dq3: 3000
dq1: 3000 1 2
dq2:
dq3: 3000
dq1: 3000 1 2 3
dq2:
dq3: 3000
dq1: 3000 1 2 3 4
dq2:
dq3: 3000
dq1: 3000 1 2 3 4 5
dq2:
dq3: 3000
dq1: 3000 1 2 3 4 5
dq2: 3000 1 2 3 4 5
dq3: 3000
Exception
dq1: 3000 1 2 3 4 5
dq2: 3000 1 2 3 4 5
dq3: 3000
5
dq1: 3000 1 2 3 4 5
dq2: 3000 1 2 3 4 5
dq3: 3000
dq1: 3000 1 2 3 4 5
dq2: 3000
dq3: 3000
dq1: 3000 1 2 3 4 5
dq2: 3000 1 2 3 4 5
dq3: 3000
dq1: 3000 1 2 3 4 5
dq2: 3000 1 2 3 4 5
dq3: 3000 1 2 3 4 5
