dq1:
1
dq1:
0
dq1:
dq1:
dq2: 2 3 5 7 11 13 17 19
8
dq1:
dq2: 2 3 5 7 11 13 17 19
0
dq1:
dq2: 2 3 5 7 11 13 17 19
dq1:
dq2:
dq1:
dq2:
1
dq1:
dq2:
1
dq1:
dq2:
