a: 0
a: -1 0
a: 2 -1 0
a: -3 2 -1 0
a: 4 -3 2 -1 0
a: -5 4 -3 2 -1 0
a: 4 -3 2 -1 0
a: -3 2 -1 0
a: 2 -1 0
a: -1 0
a: 0
a:
a:
b:
a:
b: 0
a:
b: 0 1
a:
b: 0 1 -2
a:
b: 0 1 -2 2147483647
a:
b: 0 1 -2 2147483647 -2147483648
a:
b: 0 1 -2 11 -2147483648
a:
b: 0 1 -2 11
a:
b: 0 1 -2 11 27
a:
b: 0 1 -2 11 27 300
300
a:
b: 0 1 -2 11 27 300
a:
b: 0 1 -2 11 27
a:
b: 0 1 -2 11
a:
b: 0 1 -2
a:
b: 0 1
a:
b: 0
a:
b:
