dq1:
dq1:
dq2:
dq1: 0
dq2:
dq1: 0
dq2: 0
dq1: 2 3 5 7 11 13 17 19
dq2: 0
dq1: 2 3 5 7 11 13 17 19 -10
dq2: 0
dq1: 2 3 5 7 11 13 17 19 -10 10
dq2: 0
dq1: 2 3 5 7 11 13 17 19 -10 10 372
dq2: 0
dq1: 2 3 5 7 11 13 17 19 -10 10 372
dq2: 2 3 5 7 11 13 17 19 -10 10 372
dq1: 3 5 7 11 13 17 19 -10 10 372
dq2: 2 3 5 7 11 13 17 19 -10 10 372
dq1: 5 7 11 13 17 19 -10 10 372
dq2: 2 3 5 7 11 13 17 19 -10 10 372
dq1: 5 7 11 13 17 19 -10 10
dq2: 2 3 5 7 11 13 17 19 -10 10 372
dq1: 5 7 11 13 17 19 -10 10
dq2: 5 7 11 13 17 19 -10 10
dq1: 5 7 11 13 17 19 -10 10
dq2: 5 7 11 13 17 19 -10 10
dq3:
dq1:
dq2: 5 7 11 13 17 19 -10 10
dq3:
