dq1:
dq1: 0
0
dq1: 0
dq1: -1 0
-1
dq1: -1 0
dq1: 2 -1 0
2
dq1: 2 -1 0
dq1: -3 2 -1 0
-3
dq1: -3 2 -1 0
dq1: 4 -3 2 -1 0
4
dq1: 4 -3 2 -1 0
dq1: -5 4 -3 2 -1 0
-5
dq1: -5 4 -3 2 -1 0
0
dq1: -5 4 -3 2 -1 0
Exception
dq1: -5 4 -3 2 -1 0
dq1: 4 -3 2 -1 0
dq1: -3 2 -1 0
dq1: 2 -1 0
dq1: -1 0
dq1: 0
dq1:
dq1:
dq1: 0
0
dq1: 0
dq1: 0 1
1
dq1: 0 1
dq1: 0 1 -2
-2
dq1: 0 1 -2
dq1: 0 1 -2 2147483647
2147483647
dq1: 0 1 -2 2147483647
dq1: 0 1 -2 2147483647 -2147483648
-2147483648
dq1: 0 1 -2 2147483647 -2147483648
dq1: 0 1 -2 2147483647 -2147483648 300
300
dq1: 0 1 -2 2147483647 -2147483648 300
dq1: 0 1 -2 2147483647 -2147483648
dq1: 0 1 -2 2147483647
dq1: 0 1 -2
dq1: 0 1
dq1: 0
dq1:
Exception
dq1:
