a: 2 3 5 7 11 13 17 19
a: 2 3 5 7 11 13 17
a: 2 3 5 7 11 13
a: 2 3 5 7 11
a: 2 3 5 7
a: 2 3 5
a: 2 3
a: 2
a: -7 2
a: -7
a: -8 -7
a: -8
a: -9 -8
-9
a: -9 -8
a: -9
a: 1 -9
a: 1
a: 2 1
a: 2
a: 3 2
a: 3
a:
a: -10
a:
a: 2 3 5 7 11 13 17 19
a: -6 2 3 5 7 11 13 17 19
a: -5 -6 2 3 5 7 11 13 17 19
a: -4 -5 -6 2 3 5 7 11 13 17 19
a: -3 -4 -5 -6 2 3 5 7 11 13 17 19
a: -2 -3 -4 -5 -6 2 3 5 7 11 13 17 19
a: -1 -2 -3 -4 -5 -6 2 3 5 7 11 13 17 19
a: 0 -1 -2 -3 -4 -5 -6 2 3 5 7 11 13 17 19
0
a: 0 -1 -2 -3 -4 -5 -6 2 3 5 7 11 13 17 19
5
a: 0 -1 -2 -3 -4 -5 -6 2 3 5 7 11 13 17 19
19
a: 0 -1 -2 -3 -4 -5 -6 2 3 5 7 11 13 17 19
