a: 2 3 5 7 11 13 17 19
a: 2 3 5 7 11 13 17 19 23
a: 2 3 5 7 11 13 17 19 23 29
a: 2 3 5 7 11 13 17 19 23 29 31
29
a: 2 3 5 7 11 13 17 19 23 29 31
a: 3 5 7 11 13 17 19 23 29 31
a: 5 7 11 13 17 19 23 29 31
a: 5 7 11 13 17 19 23 29
29
a: 5 7 11 13 17 19 23 29
a: 5 7 11 13 17 19 23 29
dq2:
a:
dq2:
a: 1
dq2:
a: 0 1
dq2:
a: -1 0 1
dq2:
a: -1 0
dq2:
a: -1
dq2:
a:
dq2:
