dq1:
dq1: 0
dq1: 0 23
dq1: -50 0 23
dq1: -50 0 23 2
-50
dq1: -50 0 23 2
0
dq1: -50 0 23 2
23
dq1: -50 0 23 2
2
dq1: -50 0 23 2
dq1: -50 -2147483648 23 2
dq1: -2147483648 23 2
-2147483648
dq1: -2147483648 23 2
dq1: -2147483648 2147483647 2
dq1: -2147483648 2147483647
2147483647
dq1: -2147483648 2147483647
dq1: -2147483648 2147483647
dq2: -2147483648 2147483647
-2147483648
dq1: -2147483648 2147483647
dq2: -2147483648 2147483647
2147483647
dq1: -2147483648 2147483647
dq2: -2147483648 2147483647
